// Jest Snapshot v1, https://goo.gl/fbAQLP

exports[`should render a list of teams 1`] = `
<div>
  <a
    href="/teams/new"
  >
    Add New Team
  </a>
  <h1>
    Teams
  </h1>
  <table
    class="resource-table"
  >
    <thead>
      <tr>
        <th>
          Team Name
        </th>
        <th>
          Actions
        </th>
      </tr>
    </thead>
    <tbody>
      <tr>
        <td>
          <a
            href="/teams/2"
          >
            Bridge City Sneakers
          </a>
        </td>
        <td>
          <a
            href="/teams/2"
          >
            <button
              class="btn-view"
              type="button"
            >
              View
            </button>
          </a>
          <a
            href="/teams/2/edit"
          >
            <button
              class="btn-edit"
              type="button"
            >
              Edit
            </button>
          </a>
          <button
            class="btn-delete"
            type="button"
          >
            Delete
          </button>
        </td>
      </tr>
      <tr>
        <td>
          <a
            href="/teams/7"
          >
            Goodlanders
          </a>
        </td>
        <td>
          <a
            href="/teams/7"
          >
            <button
              class="btn-view"
              type="button"
            >
              View
            </button>
          </a>
          <a
            href="/teams/7/edit"
          >
            <button
              class="btn-edit"
              type="button"
            >
              Edit
            </button>
          </a>
          <button
            class="btn-delete"
            type="button"
          >
            Delete
          </button>
        </td>
      </tr>
      <tr>
        <td>
          <a
            href="/teams/3"
          >
            Lakeville Thunderfeet
          </a>
        </td>
        <td>
          <a
            href="/teams/3"
          >
            <button
              class="btn-view"
              type="button"
            >
              View
            </button>
          </a>
          <a
            href="/teams/3/edit"
          >
            <button
              class="btn-edit"
              type="button"
            >
              Edit
            </button>
          </a>
          <button
            class="btn-delete"
            type="button"
          >
            Delete
          </button>
        </td>
      </tr>
      <tr>
        <td>
          <a
            href="/teams/4"
          >
            Mt. Hoodies
          </a>
        </td>
        <td>
          <a
            href="/teams/4"
          >
            <button
              class="btn-view"
              type="button"
            >
              View
            </button>
          </a>
          <a
            href="/teams/4/edit"
          >
            <button
              class="btn-edit"
              type="button"
            >
              Edit
            </button>
          </a>
          <button
            class="btn-delete"
            type="button"
          >
            Delete
          </button>
        </td>
      </tr>
      <tr>
        <td>
          <a
            href="/teams/1"
          >
            Rip City Kickers
          </a>
        </td>
        <td>
          <a
            href="/teams/1"
          >
            <button
              class="btn-view"
              type="button"
            >
              View
            </button>
          </a>
          <a
            href="/teams/1/edit"
          >
            <button
              class="btn-edit"
              type="button"
            >
              Edit
            </button>
          </a>
          <button
            class="btn-delete"
            type="button"
          >
            Delete
          </button>
        </td>
      </tr>
      <tr>
        <td>
          <a
            href="/teams/5"
          >
            Stumptown Lumberjacks
          </a>
        </td>
        <td>
          <a
            href="/teams/5"
          >
            <button
              class="btn-view"
              type="button"
            >
              View
            </button>
          </a>
          <a
            href="/teams/5/edit"
          >
            <button
              class="btn-edit"
              type="button"
            >
              Edit
            </button>
          </a>
          <button
            class="btn-delete"
            type="button"
          >
            Delete
          </button>
        </td>
      </tr>
      <tr>
        <td>
          <a
            href="/teams/6"
          >
            Vancougars
          </a>
        </td>
        <td>
          <a
            href="/teams/6"
          >
            <button
              class="btn-view"
              type="button"
            >
              View
            </button>
          </a>
          <a
            href="/teams/6/edit"
          >
            <button
              class="btn-edit"
              type="button"
            >
              Edit
            </button>
          </a>
          <button
            class="btn-delete"
            type="button"
          >
            Delete
          </button>
        </td>
      </tr>
    </tbody>
  </table>
</div>
`;
